
════════════════════════════════════════════════════════════════════════════════
  Section
════════════════════════════════════════════════════════════════════════════════

────────────────────────────────────────────────────────────────────────────────
Label >>> 5 bytes
────────────────────────────────────────────────────────────────────────────────
00000000  00 01 41 42 43                                   |..ABC|

────────────────────────────────────────────────────────────────────────────────
<<< 3 bytes
────────────────────────────────────────────────────────────────────────────────
00000000  78 79 7a                                         |xyz|

┌─ Reply ───────────────────────────────────────────────────────────────────────┐
│ Type:       0
│ Code:       3
│ Checksum:   0x392c
│ Identifier: 513
│ Sequence:   9
│ Data:       4 bytes
└───────────────────────────────────────────────────────────────────────────────┘

┌─ Outer ───────────────────────────────────────────────────────────────────────┐
│ Version:        IPv4
│ Header Length:  20 bytes
│ Type of Service: 16
│ Total Length:   48 bytes
│ Identification: 4660
│ TTL:            63
│ Protocol:       UDP (17)
│ Checksum:       0xda90
│ Source IP:      192.168.1.1
│ Destination IP: 8.8.8.8
│ Payload:        7 bytes
└───────────────────────────────────────────────────────────────────────────────┘

┌─ Response Statistics ─────────────────────────────────────────────────────────┐
│ Response Time: 12.35 ms
│ Source:        10.0.0.1:53
│ Bytes Sent:    3
│ Bytes Received: 4
└───────────────────────────────────────────────────────────────────────────────┘

┌─ ERROR ───────────────────────────────────────────────────────────────────────┐
│ bad things
└───────────────────────────────────────────────────────────────────────────────┘

┌─ SUCCESS ─────────────────────────────────────────────────────────────────────┐
│ good things
└───────────────────────────────────────────────────────────────────────────────┘
